// Jest Snapshot v1, https://goo.gl/fbAQLP

exports[`renders 1`] = `
<DocumentFragment>
  <h3>
    Heading
  </h3>
</DocumentFragment>
`;
